16:52:52 **** Incremental Build of configuration Debug for project TD2_7 ****
make -j16 all 
arm-none-eabi-gcc "../Core/Src/fill.c" -mcpu=cortex-m4 -std=gnu11 -g3 -DDEBUG -DUSE_HAL_DRIVER -DSTM32L476xx -c -I../Core/Inc -I../Drivers/STM32L4xx_HAL_Driver/Inc -I../Drivers/STM32L4xx_HAL_Driver/Inc/Legacy -I../Drivers/CMSIS/Device/ST/STM32L4xx/Include -I../Drivers/CMSIS/Include -O0 -ffunction-sections -fdata-sections -Wall -fstack-usage -fcyclomatic-complexity -MMD -MP -MF"Core/Src/fill.d" -MT"Core/Src/fill.o" --specs=nano.specs -mfpu=fpv4-sp-d16 -mfloat-abi=hard -mthumb -o "Core/Src/fill.o"
arm-none-eabi-gcc -o "TD2_7.elf" @"objects.list"   -mcpu=cortex-m4 -T"C:\Users\franc\OneDrive - ENSEA\S5\Systèmes à Microcontrolleurs\STM Workspace\TD2_7\STM32L476RGTX_FLASH.ld" --specs=nosys.specs -Wl,-Map="TD2_7.map" -Wl,--gc-sections -static --specs=nano.specs -mfpu=fpv4-sp-d16 -mfloat-abi=hard -mthumb -Wl,--start-group -lc -lm -Wl,--end-group
Finished building target: TD2_7.elf
 
arm-none-eabi-size  TD2_7.elf 
arm-none-eabi-objdump -h -S TD2_7.elf  > "TD2_7.list"
   text	   data	    bss	    dec	    hex	filename
  21836	    104	   2040	  23980	   5dac	TD2_7.elf
Finished building: default.size.stdout
 
Finished building: TD2_7.list
 

16:52:54 Build Finished. 0 errors, 0 warnings. (took 2s.278ms)

