18:17:10 **** Incremental Build of configuration Debug for project TD3_2 ****
make -j16 all 
arm-none-eabi-gcc "../Core/Src/min_sort.c" -mcpu=cortex-m4 -std=gnu11 -g3 -DDEBUG -DUSE_HAL_DRIVER -DSTM32L476xx -c -I../Core/Inc -I../Drivers/STM32L4xx_HAL_Driver/Inc -I../Drivers/STM32L4xx_HAL_Driver/Inc/Legacy -I../Drivers/CMSIS/Device/ST/STM32L4xx/Include -I../Drivers/CMSIS/Include -O0 -ffunction-sections -fdata-sections -Wall -fstack-usage -fcyclomatic-complexity -MMD -MP -MF"Core/Src/min_sort.d" -MT"Core/Src/min_sort.o" --specs=nano.specs -mfpu=fpv4-sp-d16 -mfloat-abi=hard -mthumb -o "Core/Src/min_sort.o"
arm-none-eabi-gcc -o "TD3_2.elf" @"objects.list"   -mcpu=cortex-m4 -T"C:\Users\franc\OneDrive - ENSEA\S5\Systèmes à Microcontrolleurs\STM Workspace\TD3_2\STM32L476RGTX_FLASH.ld" --specs=nosys.specs -Wl,-Map="TD3_2.map" -Wl,--gc-sections -static --specs=nano.specs -mfpu=fpv4-sp-d16 -mfloat-abi=hard -mthumb -Wl,--start-group -lc -lm -Wl,--end-group
Finished building target: TD3_2.elf
 
arm-none-eabi-size  TD3_2.elf 
arm-none-eabi-objdump -h -S TD3_2.elf  > "TD3_2.list"
   text	   data	    bss	    dec	    hex	filename
  18028	    164	   2044	  20236	   4f0c	TD3_2.elf
Finished building: default.size.stdout
 
Finished building: TD3_2.list
 

18:17:12 Build Finished. 0 errors, 0 warnings. (took 2s.386ms)

