08:49:03 **** Incremental Build of configuration Debug for project TD4_2 ****
make -j16 all 
arm-none-eabi-gcc "../Core/Src/morse.c" -mcpu=cortex-m4 -std=gnu11 -g3 -DDEBUG -DUSE_HAL_DRIVER -DSTM32L476xx -c -I../Core/Inc -I../Drivers/STM32L4xx_HAL_Driver/Inc -I../Drivers/STM32L4xx_HAL_Driver/Inc/Legacy -I../Drivers/CMSIS/Device/ST/STM32L4xx/Include -I../Drivers/CMSIS/Include -O0 -ffunction-sections -fdata-sections -Wall -fstack-usage -fcyclomatic-complexity -MMD -MP -MF"Core/Src/morse.d" -MT"Core/Src/morse.o" --specs=nano.specs -mfpu=fpv4-sp-d16 -mfloat-abi=hard -mthumb -o "Core/Src/morse.o"
arm-none-eabi-gcc -o "TD4_2.elf" @"objects.list"   -mcpu=cortex-m4 -T"C:\Users\franc\OneDrive - ENSEA\S5\Systèmes à Microcontrolleurs\STM Workspace\TD4_2\STM32L476RGTX_FLASH.ld" --specs=nosys.specs -Wl,-Map="TD4_2.map" -Wl,--gc-sections -static --specs=nano.specs -mfpu=fpv4-sp-d16 -mfloat-abi=hard -mthumb -Wl,--start-group -lc -lm -Wl,--end-group
Finished building target: TD4_2.elf
 
arm-none-eabi-size  TD4_2.elf 
arm-none-eabi-objdump -h -S TD4_2.elf  > "TD4_2.list"
   text	   data	    bss	    dec	    hex	filename
  22000	    104	   2040	  24144	   5e50	TD4_2.elf
Finished building: default.size.stdout
 
Finished building: TD4_2.list
 

08:49:05 Build Finished. 0 errors, 0 warnings. (took 2s.113ms)

