15:14:40 **** Incremental Build of configuration Debug for project TD5_3 ****
make -j16 all 
arm-none-eabi-gcc "../Core/Src/main.c" -mcpu=cortex-m4 -std=gnu11 -g3 -DDEBUG -DUSE_HAL_DRIVER -DSTM32L476xx -c -I../Core/Inc -I../Drivers/STM32L4xx_HAL_Driver/Inc -I../Drivers/STM32L4xx_HAL_Driver/Inc/Legacy -I../Drivers/CMSIS/Device/ST/STM32L4xx/Include -I../Drivers/CMSIS/Include -O0 -ffunction-sections -fdata-sections -Wall -fstack-usage -fcyclomatic-complexity -MMD -MP -MF"Core/Src/main.d" -MT"Core/Src/main.o" --specs=nano.specs -mfpu=fpv4-sp-d16 -mfloat-abi=hard -mthumb -o "Core/Src/main.o"
arm-none-eabi-gcc -o "TD5_3.elf" @"objects.list"   -mcpu=cortex-m4 -T"C:\Users\franc\OneDrive - ENSEA\S5\Systèmes à Microcontrolleurs\STM Workspace\TD5_3\STM32L476RGTX_FLASH.ld" --specs=nosys.specs -Wl,-Map="TD5_3.map" -Wl,--gc-sections -static --specs=nano.specs -mfpu=fpv4-sp-d16 -mfloat-abi=hard -mthumb -Wl,--start-group -lc -lm -Wl,--end-group
Finished building target: TD5_3.elf
 
arm-none-eabi-size  TD5_3.elf 
arm-none-eabi-objdump -h -S TD5_3.elf  > "TD5_3.list"
   text	   data	    bss	    dec	    hex	filename
  15992	    104	   2040	  18136	   46d8	TD5_3.elf
Finished building: default.size.stdout
 
Finished building: TD5_3.list
 

15:14:42 Build Finished. 0 errors, 0 warnings. (took 2s.464ms)

