17:16:47 **** Incremental Build of configuration Debug for project TP1_TP2 ****
make -j16 all 
arm-none-eabi-gcc "../Core/Src/utils.c" -mcpu=cortex-m4 -std=gnu11 -g3 -DDEBUG -DUSE_HAL_DRIVER -DSTM32L476xx -c -I../Core/Inc -I../Drivers/STM32L4xx_HAL_Driver/Inc -I../Drivers/STM32L4xx_HAL_Driver/Inc/Legacy -I../Drivers/CMSIS/Device/ST/STM32L4xx/Include -I../Drivers/CMSIS/Include -O0 -ffunction-sections -fdata-sections -Wall -fstack-usage -fcyclomatic-complexity -MMD -MP -MF"Core/Src/utils.d" -MT"Core/Src/utils.o" --specs=nano.specs -mfpu=fpv4-sp-d16 -mfloat-abi=hard -mthumb -o "Core/Src/utils.o"
arm-none-eabi-gcc -o "TP1_TP2.elf" @"objects.list"   -mcpu=cortex-m4 -T"C:\Users\franc\OneDrive - ENSEA\S5\Systèmes à Microcontrolleurs\STM Workspace\TP1_TP2\STM32L476RGTX_FLASH.ld" --specs=nosys.specs -Wl,-Map="TP1_TP2.map" -Wl,--gc-sections -static --specs=nano.specs -mfpu=fpv4-sp-d16 -mfloat-abi=hard -mthumb -u _printf_float -Wl,--start-group -lc -lm -Wl,--end-group
Finished building target: TP1_TP2.elf
 
arm-none-eabi-size  TP1_TP2.elf 
arm-none-eabi-objdump -h -S TP1_TP2.elf  > "TP1_TP2.list"
   text	   data	    bss	    dec	    hex	filename
  59912	    532	   3928	  64372	   fb74	TP1_TP2.elf
Finished building: default.size.stdout
 
Finished building: TP1_TP2.list
 

17:16:50 Build Finished. 0 errors, 0 warnings. (took 3s.105ms)

